2026-05-17 17:03:32,846 - INFO - Tabela scoruri a fost verificata/creata.
2026-05-17 17:03:52,791 - INFO - Joc nou pornit pentru Ion Barlan.
2026-05-17 17:04:10,119 - INFO - Scor adaugat pentru jucatorul Ion Barlan.
2026-05-17 17:04:34,072 - INFO - Joc nou pornit pentru Marius Avram.
2026-05-17 17:04:58,185 - INFO - Scor adaugat pentru jucatorul Marius Avram.
2026-05-18 15:58:49,607 - INFO - Tabela scoruri a fost verificata/creata.
2026-05-18 16:00:49,936 - INFO - Tabela scoruri a fost verificata/creata.
2026-05-18 16:01:15,035 - INFO - Joc nou pornit pentru Dan Mirecea.
2026-05-18 16:02:05,102 - INFO - Scor adaugat pentru jucatorul Dan Mirecea.
2026-05-18 16:02:51,951 - INFO - Joc nou pornit pentru Dan Mirecea.
2026-05-18 16:03:17,271 - INFO - Tabela scoruri a fost verificata/creata.
2026-05-18 16:04:52,810 - INFO - Scorul cu id 3 a fost modificat.
2026-05-18 16:05:00,285 - INFO - Scorul cu id 3 a fost modificat.
2026-05-18 16:06:25,581 - INFO - Joc nou pornit pentru Marian Darius.
2026-05-18 16:06:55,345 - INFO - Scor adaugat pentru jucatorul Marian Darius.
2026-05-18 16:10:28,052 - INFO - Tabela scoruri a fost verificata/creata.
2026-05-18 16:11:14,051 - INFO - Tabela scoruri a fost verificata/creata.
2026-05-18 16:11:33,198 - INFO - Joc nou pornit pentru Iulian Avram.
2026-05-18 16:11:39,326 - INFO - Scor adaugat pentru jucatorul Iulian Avram.
2026-05-18 18:07:17,816 - INFO - Tabela scoruri a fost verificata/creata.
2026-05-18 18:08:04,315 - INFO - Scorul cu id 4 a fost sters.
2026-05-18 19:10:04,006 - INFO - Tabela scoruri a fost verificata/creata.
2026-05-18 19:21:08,225 - INFO - Joc nou pornit pentru Daniel Neamtiu.
2026-05-18 19:21:42,074 - INFO - Scor adaugat pentru jucatorul Daniel Neamtiu.
2026-05-18 19:22:46,114 - INFO - Scorul cu id 1 a fost sters.
2026-05-18 19:23:35,577 - INFO - Scorul cu id 3 a fost modificat.
2026-05-18 19:24:23,697 - INFO - Joc nou pornit pentru Dan Mircea.
2026-05-18 19:24:39,971 - INFO - Scor adaugat pentru jucatorul Dan Mircea.
2026-07-01 20:30:16,293 - INFO - Tabela scoruri a fost verificata/creata.
2026-07-01 20:30:25,002 - INFO - Joc nou pornit pentru Dani D.
2026-07-01 20:32:49,167 - INFO - Scor adaugat pentru jucatorul Dani D.
2026-07-01 20:34:04,393 - INFO - Scorul cu id 8 a fost modificat.
